p_2(x) = 0.676204 + 0.226599x - 0.006400x^2 
Nilai taksiran 9.200000 adalah: 2.219224
