f(x) = -0.518343 + 0.323078x_1 + 0.760404x_2 + 0.908626x_3 
Nilai taksiran adalah: 7.166718
